// Jest Snapshot v1, https://goo.gl/fbAQLP

exports[`Block renders 1`] = `
<section
  className="wrapper default"
>
  Text
</section>
`;
